[2026-09-21 16:32:41.752] [info] Operating system: Windows
[2026-09-21 16:32:41.752] [info] OTClient - Redemption 4.x rev 0.000 (desenv) built on Sep 21 2026 for arch x64
[2026-09-21 16:32:44.511] [info] [R33D] config: proto=772 os=2 rsa=custom envEffect=off
[2026-09-21 16:32:44.536] [info] Startup done :]
[2026-09-21 16:32:44.691] [info] [R33D] auto-login host=127.0.0.1 port=7171 acc=772001
[2026-09-21 16:32:48.285] [info] [R33D-OP] op=10(0x0A) unread=2335
[2026-09-21 16:32:48.288] [error] Unable to send extended opcode 1, extended opcodes are not enabled
[2026-09-21 16:32:48.316] [error] Unable to send extended opcode 201, extended opcodes are not enabled
[2026-09-21 16:32:48.342] [info] [R33D] EVENT onGameStart
[2026-09-21 16:32:48.343] [info] [R33D-OP] op=100(0x64) unread=2327
[2026-09-21 16:32:48.345] [info] [R33D-OP] op=131(0x83) unread=124
[2026-09-21 16:32:48.346] [info] [R33D-OP] op=120(0x78) unread=117
[2026-09-21 16:32:48.346] [info] [R33D-OP] op=120(0x78) unread=113
[2026-09-21 16:32:48.346] [info] [R33D-OP] op=120(0x78) unread=109
[2026-09-21 16:32:48.346] [info] [R33D-OP] op=120(0x78) unread=105
[2026-09-21 16:32:48.346] [info] [R33D-OP] op=160(0xA0) unread=101
[2026-09-21 16:32:48.347] [info] [R33D-OP] op=130(0x82) unread=80
[2026-09-21 16:32:48.347] [info] [R33D-OP] op=141(0x8D) unread=77
[2026-09-21 16:32:48.347] [info] [R33D-OP] op=161(0xA1) unread=70
[2026-09-21 16:32:48.347] [info] [R33D-OP] op=180(0xB4) unread=55
[2026-09-21 16:32:48.348] [info] [R33D] MSG mode=16 Your last visit in Tibia: 20. Sep 2026 19:39:16 CST.
[2026-09-21 16:32:48.348] [info] [R33D-OP] op=109(0x6D) unread=11
[2026-09-21 16:32:49.633] [info] [R33D-OP] op=109(0x6D) unread=220
[2026-09-21 16:32:49.633] [info] [R33D-OP] op=102(0x66) unread=208
[2026-09-21 16:32:49.733] [info] [R33D-OP] op=109(0x6D) unread=11
[2026-09-21 16:32:50.133] [info] [R33D-OP] op=109(0x6D) unread=196
[2026-09-21 16:32:50.133] [info] [R33D-OP] op=102(0x66) unread=184
[2026-09-21 16:32:50.333] [info] [R33D-OP] op=109(0x6D) unread=11
[2026-09-21 16:32:51.233] [info] [R33D-OP] op=109(0x6D) unread=159
[2026-09-21 16:32:51.233] [info] [R33D-OP] op=103(0x67) unread=147
[2026-09-21 16:32:51.733] [info] [R33D-OP] op=109(0x6D) unread=122
[2026-09-21 16:32:51.733] [info] [R33D-OP] op=109(0x6D) unread=110
[2026-09-21 16:32:51.733] [info] [R33D-OP] op=103(0x67) unread=98
[2026-09-21 16:32:52.234] [info] [R33D-OP] op=109(0x6D) unread=120
[2026-09-21 16:32:52.234] [info] [R33D-OP] op=103(0x67) unread=108
[2026-09-21 16:32:52.733] [info] [R33D-OP] op=109(0x6D) unread=94
[2026-09-21 16:32:52.733] [info] [R33D-OP] op=103(0x67) unread=82
[2026-09-21 16:32:53.233] [info] [R33D-OP] op=109(0x6D) unread=178
[2026-09-21 16:32:53.233] [info] [R33D-OP] op=102(0x66) unread=166
[2026-09-21 16:32:53.734] [info] [R33D-OP] op=109(0x6D) unread=190
[2026-09-21 16:32:53.734] [info] [R33D-OP] op=109(0x6D) unread=178
[2026-09-21 16:32:53.734] [info] [R33D-OP] op=102(0x66) unread=166
[2026-09-21 16:32:54.234] [info] [R33D-OP] op=109(0x6D) unread=184
[2026-09-21 16:32:54.234] [info] [R33D-OP] op=102(0x66) unread=172
[2026-09-21 16:32:54.733] [info] [R33D-OP] op=109(0x6D) unread=230
[2026-09-21 16:32:54.733] [info] [R33D-OP] op=101(0x65) unread=218
[2026-09-21 16:32:55.233] [info] [R33D-OP] op=109(0x6D) unread=202
[2026-09-21 16:32:55.233] [info] [R33D-OP] op=101(0x65) unread=190
[2026-09-21 16:32:55.733] [info] [R33D-OP] op=109(0x6D) unread=181
[2026-09-21 16:32:55.733] [info] [R33D-OP] op=109(0x6D) unread=169
[2026-09-21 16:32:55.733] [info] [R33D-OP] op=101(0x65) unread=157
[2026-09-21 16:32:56.233] [info] [R33D-OP] op=109(0x6D) unread=190
[2026-09-21 16:32:56.233] [info] [R33D-OP] op=101(0x65) unread=178
[2026-09-21 16:32:56.333] [info] [R33D-OP] op=109(0x6D) unread=11
[2026-09-21 16:32:56.733] [info] [R33D-OP] op=109(0x6D) unread=88
[2026-09-21 16:32:56.733] [info] [R33D-OP] op=104(0x68) unread=76
[2026-09-21 16:32:57.234] [info] [R33D-OP] op=109(0x6D) unread=246
[2026-09-21 16:32:57.234] [info] [R33D-OP] op=101(0x65) unread=234
[2026-09-21 16:32:57.733] [info] [R33D-OP] op=109(0x6D) unread=112
[2026-09-21 16:32:57.733] [info] [R33D-OP] op=109(0x6D) unread=100
[2026-09-21 16:32:57.733] [info] [R33D-OP] op=104(0x68) unread=88
[2026-09-21 16:32:58.233] [info] [R33D-OP] op=109(0x6D) unread=118
[2026-09-21 16:32:58.233] [info] [R33D-OP] op=104(0x68) unread=106
[2026-09-21 16:32:58.333] [info] [R33D-OP] op=109(0x6D) unread=11
[2026-09-21 16:32:58.734] [info] [R33D-OP] op=109(0x6D) unread=106
[2026-09-21 16:32:58.734] [info] [R33D-OP] op=104(0x68) unread=94
[2026-09-21 16:32:58.935] [info] [R33D-OP] op=107(0x6B) unread=13
[2026-09-21 16:32:59.483] [info] [R33D-OP] op=109(0x6D) unread=176
[2026-09-21 16:32:59.483] [info] [R33D-OP] op=103(0x67) unread=164
[2026-09-21 16:32:59.735] [info] [R33D-OP] op=109(0x6D) unread=11
[2026-09-21 16:32:59.983] [info] [R33D-OP] op=109(0x6D) unread=155
[2026-09-21 16:32:59.983] [info] [R33D-OP] op=103(0x67) unread=143
[2026-09-21 16:33:00.333] [info] [R33D-OP] op=106(0x6A) unread=12
[2026-09-21 16:33:00.482] [info] [R33D-OP] op=109(0x6D) unread=108
[2026-09-21 16:33:00.482] [info] [R33D-OP] op=103(0x67) unread=96
[2026-09-21 16:33:00.985] [info] [R33D-OP] op=109(0x6D) unread=120
[2026-09-21 16:33:00.985] [info] [R33D-OP] op=103(0x67) unread=108
[2026-09-21 16:33:01.484] [info] [R33D-OP] op=109(0x6D) unread=96
[2026-09-21 16:33:01.484] [info] [R33D-OP] op=103(0x67) unread=84
[2026-09-21 16:33:01.733] [info] [R33D-OP] op=109(0x6D) unread=11
[2026-09-21 16:33:03.733] [info] [R33D-OP] op=109(0x6D) unread=11
[2026-09-21 16:33:05.733] [info] [R33D-OP] op=109(0x6D) unread=11
[2026-09-21 16:33:07.733] [info] [R33D-OP] op=109(0x6D) unread=11
[2026-09-21 16:33:08.683] [info] [R33D-OP] op=109(0x6D) unread=182
[2026-09-21 16:33:08.683] [info] [R33D-OP] op=102(0x66) unread=170
[2026-09-21 16:33:09.183] [info] [R33D-OP] op=109(0x6D) unread=178
[2026-09-21 16:33:09.183] [info] [R33D-OP] op=102(0x66) unread=166
[2026-09-21 16:33:09.733] [info] [R33D-OP] op=109(0x6D) unread=11
[2026-09-21 16:33:11.733] [info] [R33D-OP] op=109(0x6D) unread=11
[2026-09-21 16:33:13.733] [info] [R33D-OP] op=109(0x6D) unread=11
[2026-09-21 16:33:15.732] [info] [R33D-OP] op=109(0x6D) unread=11
[2026-09-21 16:33:17.732] [info] [R33D-OP] op=109(0x6D) unread=11
[2026-09-21 16:33:18.383] [info] [R33D-OP] op=109(0x6D) unread=212
[2026-09-21 16:33:18.383] [info] [R33D-OP] op=101(0x65) unread=200
[2026-09-21 16:33:18.883] [info] [R33D-OP] op=109(0x6D) unread=186
[2026-09-21 16:33:18.883] [info] [R33D-OP] op=102(0x66) unread=174
[2026-09-21 16:33:19.383] [info] [R33D-OP] op=109(0x6D) unread=192
[2026-09-21 16:33:19.383] [info] [R33D-OP] op=102(0x66) unread=180
[2026-09-21 16:33:19.733] [info] [R33D-OP] op=109(0x6D) unread=11
[2026-09-21 16:33:19.885] [info] [R33D-OP] op=109(0x6D) unread=190
[2026-09-21 16:33:19.885] [info] [R33D-OP] op=102(0x66) unread=178
[2026-09-21 16:33:19.982] [info] [R33D-OP] op=106(0x6A) unread=34
[2026-09-21 16:33:21.734] [info] [R33D-OP] op=109(0x6D) unread=11
[2026-09-21 16:33:21.983] [info] [R33D-OP] op=109(0x6D) unread=11
[2026-09-21 16:33:23.733] [info] [R33D-OP] op=109(0x6D) unread=11
[2026-09-21 16:33:23.983] [info] [R33D-OP] op=109(0x6D) unread=11
[2026-09-21 16:33:25.733] [info] [R33D-OP] op=109(0x6D) unread=11
[2026-09-21 16:33:25.983] [info] [R33D-OP] op=109(0x6D) unread=11
[2026-09-21 16:33:27.733] [info] [R33D-OP] op=109(0x6D) unread=11
[2026-09-21 16:33:27.983] [info] [R33D-OP] op=109(0x6D) unread=11
[2026-09-21 16:33:28.633] [info] [R33D-OP] op=109(0x6D) unread=212
[2026-09-21 16:33:28.633] [info] [R33D-OP] op=102(0x66) unread=200
[2026-09-21 16:33:29.133] [info] [R33D-OP] op=109(0x6D) unread=132
[2026-09-21 16:33:29.133] [info] [R33D-OP] op=102(0x66) unread=120
[2026-09-21 16:33:29.633] [info] [R33D-OP] op=109(0x6D) unread=114
[2026-09-21 16:33:29.634] [info] [R33D-OP] op=102(0x66) unread=102
[2026-09-21 16:33:29.732] [info] [R33D-OP] op=109(0x6D) unread=11
[2026-09-21 16:33:29.983] [info] [R33D-OP] op=109(0x6D) unread=11
[2026-09-21 16:33:30.133] [info] [R33D-OP] op=109(0x6D) unread=112
[2026-09-21 16:33:30.133] [info] [R33D-OP] op=102(0x66) unread=100
[2026-09-21 16:33:30.635] [info] [R33D-OP] op=109(0x6D) unread=116
[2026-09-21 16:33:30.635] [info] [R33D-OP] op=102(0x66) unread=104
[2026-09-21 16:33:30.933] [info] [R33D-OP] op=163(0xA3) unread=35
[2026-09-21 16:33:30.933] [info] [R33D-OP] op=180(0xB4) unread=34
[2026-09-21 16:33:30.933] [info] [R33D] MSG mode=19 You may not attack this person.
[2026-09-21 16:33:31.132] [info] [R33D-OP] op=109(0x6D) unread=108
[2026-09-21 16:33:31.132] [info] [R33D-OP] op=102(0x66) unread=96
[2026-09-21 16:33:31.634] [info] [R33D-OP] op=109(0x6D) unread=114
[2026-09-21 16:33:31.634] [info