make: Entering directory '/tmp/fusion32-bootstrap-build-001.z9yXJu/login'
g++ -c -m64 -fno-strict-aliasing -Wno-deprecated-declarations -pedantic -Wall -Wextra -pthread --std=c++11 -DTIBIA772=1 -O2 -o build/crypto.obj src/crypto.cc
g++ -c -m64 -fno-strict-aliasing -Wno-deprecated-declarations -pedantic -Wall -Wextra -pthread --std=c++11 -DTIBIA772=1 -O2 -o build/connections.obj src/connections.cc
g++ -c -m64 -fno-strict-aliasing -Wno-deprecated-declarations -pedantic -Wall -Wextra -pthread --std=c++11 -DTIBIA772=1 -O2 -o build/main.obj src/main.cc
g++ -c -m64 -fno-strict-aliasing -Wno-deprecated-declarations -pedantic -Wall -Wextra -pthread --std=c++11 -DTIBIA772=1 -O2 -o build/query.obj src/query.cc
g++ -c -m64 -fno-strict-aliasing -Wno-deprecated-declarations -pedantic -Wall -Wextra -pthread --std=c++11 -DTIBIA772=1 -O2 -o build/status.obj src/status.cc
g++ -m64 -fno-strict-aliasing -Wno-deprecated-declarations -pedantic -Wall -Wextra -pthread --std=c++11 -DTIBIA772=1 -O2 -o build/login build/crypto.obj build/connections.obj build/main.obj build/query.obj build/status.obj -Wl,-t -lcrypto
/usr/lib/gcc/x86_64-linux-gnu/15/../../../x86_64-linux-gnu/Scrt1.o
/usr/lib/gcc/x86_64-linux-gnu/15/../../../x86_64-linux-gnu/crti.o
/usr/lib/gcc/x86_64-linux-gnu/15/crtbeginS.o
build/crypto.obj
build/connections.obj
build/main.obj
build/query.obj
build/status.obj
/usr/lib/gcc/x86_64-linux-gnu/15/../../../x86_64-linux-gnu/libcrypto.so
/usr/lib/gcc/x86_64-linux-gnu/15/libstdc++.so
/usr/lib/gcc/x86_64-linux-gnu/15/../../../x86_64-linux-gnu/libm.so
/usr/lib/x86_64-linux-gnu/libm.so.6
/usr/lib/x86_64-linux-gnu/libmvec.so.1
/usr/lib/gcc/x86_64-linux-gnu/15/libgcc_s.so
/usr/lib/gcc/x86_64-linux-gnu/15/../../../x86_64-linux-gnu/libgcc_s.so.1
/usr/lib/gcc/x86_64-linux-gnu/15/libgcc.a
/usr/lib/gcc/x86_64-linux-gnu/15/libgcc.a
/usr/lib/gcc/x86_64-linux-gnu/15/../../../x86_64-linux-gnu/libpthread.a
/usr/lib/gcc/x86_64-linux-gnu/15/../../../x86_64-linux-gnu/libc.so
/usr/lib/x86_64-linux-gnu/libc.so.6
/usr/lib/x86_64-linux-gnu/libc_nonshared.a
/lib64/ld-linux-x86-64.so.2
/usr/lib/x86_64-linux-gnu/libc_nonshared.a
/lib64/ld-linux-x86-64.so.2
/usr/lib/gcc/x86_64-linux-gnu/15/libgcc_s.so
/usr/lib/gcc/x86_64-linux-gnu/15/../../../x86_64-linux-gnu/libgcc_s.so.1
/usr/lib/gcc/x86_64-linux-gnu/15/libgcc.a
/usr/lib/gcc/x86_64-linux-gnu/15/libgcc.a
/usr/lib/gcc/x86_64-linux-gnu/15/crtendS.o
/usr/lib/gcc/x86_64-linux-gnu/15/../../../x86_64-linux-gnu/crtn.o
make: Leaving directory '/tmp/fusion32-bootstrap-build-001.z9yXJu/login'
