make: Entering directory '/tmp/fusion32-bootstrap-build-001.z9yXJu/querymanager'
g++ -c -m64 -fno-strict-aliasing -pedantic -Wall -Wextra -pthread -O2 -DDATABASE_SQLITE=1 --std=c++11 -o build/connections.obj src/connections.cc
g++ -c -m64 -fno-strict-aliasing -pedantic -Wall -Wextra -pthread -O2 -DDATABASE_SQLITE=1 --std=c++11 -o build/hostcache.obj src/hostcache.cc
g++ -c -m64 -fno-strict-aliasing -pedantic -Wall -Wextra -pthread -O2 -DDATABASE_SQLITE=1 --std=c++11 -o build/query.obj src/query.cc
g++ -c -m64 -fno-strict-aliasing -pedantic -Wall -Wextra -pthread -O2 -DDATABASE_SQLITE=1 --std=c++11 -o build/querymanager.obj src/querymanager.cc
g++ -c -m64 -fno-strict-aliasing -pedantic -Wall -Wextra -pthread -O2 -DDATABASE_SQLITE=1 --std=c++11 -o build/sha256.obj src/sha256.cc
g++ -c -m64 -fno-strict-aliasing -pedantic -Wall -Wextra -pthread -O2 -DDATABASE_SQLITE=1 --std=c++11 -o build/database_sqlite.obj src/database_sqlite.cc
gcc -c -m64 -fno-strict-aliasing -pedantic -Wall -Wextra -pthread -O2 -DDATABASE_SQLITE=1 -o build/sqlite3.obj src/sqlite3.c
src/sqlite3.c: In function ‘sqlite3ShadowTableName’:
src/sqlite3.c:125539:9: warning: assignment discards ‘const’ qualifier from pointer target type [-Wdiscarded-qualifiers]
125539 |   zTail = strrchr(zName, '_');
       |         ^
src/sqlite3.c: In function ‘unistrFunc’:
src/sqlite3.c:131558:15: warning: initialization discards ‘const’ qualifier from pointer target type [-Wdiscarded-qualifiers]
131558 |     char *z = strchr(&zIn[i],'\\');
       |               ^~~~~~
g++ -m64 -fno-strict-aliasing -pedantic -Wall -Wextra -pthread -O2 -DDATABASE_SQLITE=1 --std=c++11 -o build/querymanager build/connections.obj build/hostcache.obj build/query.obj build/querymanager.obj build/sha256.obj build/database_sqlite.obj build/sqlite3.obj -Wl,-t
/usr/lib/gcc/x86_64-linux-gnu/15/../../../x86_64-linux-gnu/Scrt1.o
/usr/lib/gcc/x86_64-linux-gnu/15/../../../x86_64-linux-gnu/crti.o
/usr/lib/gcc/x86_64-linux-gnu/15/crtbeginS.o
build/connections.obj
build/hostcache.obj
build/query.obj
build/querymanager.obj
build/sha256.obj
build/database_sqlite.obj
build/sqlite3.obj
/usr/lib/gcc/x86_64-linux-gnu/15/libstdc++.so
/usr/lib/gcc/x86_64-linux-gnu/15/../../../x86_64-linux-gnu/libm.so
/usr/lib/x86_64-linux-gnu/libm.so.6
/usr/lib/x86_64-linux-gnu/libmvec.so.1
/usr/lib/gcc/x86_64-linux-gnu/15/libgcc_s.so
/usr/lib/gcc/x86_64-linux-gnu/15/../../../x86_64-linux-gnu/libgcc_s.so.1
/usr/lib/gcc/x86_64-linux-gnu/15/libgcc.a
/usr/lib/gcc/x86_64-linux-gnu/15/libgcc.a
/usr/lib/gcc/x86_64-linux-gnu/15/libgcc.a
/usr/lib/gcc/x86_64-linux-gnu/15/../../../x86_64-linux-gnu/libpthread.a
/usr/lib/gcc/x86_64-linux-gnu/15/../../../x86_64-linux-gnu/libc.so
/usr/lib/x86_64-linux-gnu/libc.so.6
/usr/lib/x86_64-linux-gnu/libc_nonshared.a
/lib64/ld-linux-x86-64.so.2
/usr/lib/x86_64-linux-gnu/libc_nonshared.a
/lib64/ld-linux-x86-64.so.2
/usr/lib/gcc/x86_64-linux-gnu/15/libgcc_s.so
/usr/lib/gcc/x86_64-linux-gnu/15/../../../x86_64-linux-gnu/libgcc_s.so.1
/usr/lib/gcc/x86_64-linux-gnu/15/libgcc.a
/usr/lib/gcc/x86_64-linux-gnu/15/libgcc.a
/usr/lib/gcc/x86_64-linux-gnu/15/crtendS.o
/usr/lib/gcc/x86_64-linux-gnu/15/../../../x86_64-linux-gnu/crtn.o
make: Leaving directory '/tmp/fusion32-bootstrap-build-001.z9yXJu/querymanager'
